[     193ms] [INFO] %cDownload the React DevTools for a better development experience: https://react.dev/link/react-devtools font-weight:bold @ http://localhost:5173/node_modules/.vite/deps/react-dom_client.js?v=4ba0ec84:14336
[     439ms] [ERROR] Failed to load resource: the server responded with a status of 403 (Forbidden) @ http://localhost:5173/api/groups/4/exchange-summary:0
[     486ms] [ERROR] Failed to load resource: the server responded with a status of 403 (Forbidden) @ http://localhost:5173/api/groups/4/exchange-summary:0
[     576ms] [ERROR] Failed to load resource: the server responded with a status of 403 (Forbidden) @ http://localhost:5173/api/groups/4/terms/5/attendees:0
[     582ms] [ERROR] Failed to load resource: the server responded with a status of 403 (Forbidden) @ http://localhost:5173/api/term-item-listings/mine-as-taker?term_id=5:0
[     590ms] ApiError: 403 Forbidden
    at request (http://localhost:5173/src/api/client.ts:40:9)
[     610ms] [ERROR] Failed to load resource: the server responded with a status of 403 (Forbidden) @ http://localhost:5173/api/groups/4/terms/5/attendees:0
[     615ms] [ERROR] Failed to load resource: the server responded with a status of 403 (Forbidden) @ http://localhost:5173/api/term-item-listings/mine-as-taker?term_id=5:0
[     618ms] ApiError: 403 Forbidden
    at request (http://localhost:5173/src/api/client.ts:40:9)
[   12828ms] [ERROR] Failed to load resource: the server responded with a status of 403 (Forbidden) @ http://localhost:5173/api/groups/4/exchange-summary:0
[   12852ms] [ERROR] Failed to load resource: the server responded with a status of 403 (Forbidden) @ http://localhost:5173/api/groups/4/terms/5/attendees:0
[   12919ms] [ERROR] Failed to load resource: the server responded with a status of 403 (Forbidden) @ http://localhost:5173/api/groups/4/terms/5/attendees:0
[   26479ms] [INFO] %cDownload the React DevTools for a better development experience: https://react.dev/link/react-devtools font-weight:bold @ http://localhost:5173/node_modules/.vite/deps/react-dom_client.js?v=4ba0ec84:14336
[   26655ms] [ERROR] Failed to load resource: the server responded with a status of 403 (Forbidden) @ http://localhost:5173/api/groups/4/exchange-summary:0
[   26696ms] [ERROR] Failed to load resource: the server responded with a status of 403 (Forbidden) @ http://localhost:5173/api/groups/4/exchange-summary:0
[   26787ms] [ERROR] Failed to load resource: the server responded with a status of 403 (Forbidden) @ http://localhost:5173/api/groups/4/terms/5/attendees:0
[   26822ms] [ERROR] Failed to load resource: the server responded with a status of 403 (Forbidden) @ http://localhost:5173/api/groups/4/terms/5/attendees:0
[   37220ms] [ERROR] Failed to load resource: the server responded with a status of 404 (Not Found) @ http://localhost:5173/api/organizations/mine:0
[   37243ms] [ERROR] Failed to load resource: the server responded with a status of 404 (Not Found) @ http://localhost:5173/api/organizations/mine:0
[   42844ms] [ERROR] Failed to load resource: the server responded with a status of 403 (Forbidden) @ http://localhost:5173/api/groups/4/exchange-summary:0
[   42883ms] [ERROR] Failed to load resource: the server responded with a status of 403 (Forbidden) @ http://localhost:5173/api/groups/4/exchange-summary:0
[   42960ms] [ERROR] Failed to load resource: the server responded with a status of 403 (Forbidden) @ http://localhost:5173/api/groups/4/terms/5/attendees:0
[   42996ms] [ERROR] Failed to load resource: the server responded with a status of 403 (Forbidden) @ http://localhost:5173/api/groups/4/terms/5/attendees:0
[   47194ms] [ERROR] Failed to load resource: the server responded with a status of 404 (Not Found) @ http://localhost:5173/api/organizations/mine:0
[   47214ms] [ERROR] Failed to load resource: the server responded with a status of 404 (Not Found) @ http://localhost:5173/api/organizations/mine:0
[   50107ms] [ERROR] Failed to load resource: the server responded with a status of 403 (Forbidden) @ http://localhost:5173/api/groups/4/exchange-summary:0
[   50134ms] [ERROR] Failed to load resource: the server responded with a status of 403 (Forbidden) @ http://localhost:5173/api/groups/4/exchange-summary:0
[   50200ms] [ERROR] Failed to load resource: the server responded with a status of 403 (Forbidden) @ http://localhost:5173/api/groups/4/terms/5/attendees:0
[   50243ms] [ERROR] Failed to load resource: the server responded with a status of 403 (Forbidden) @ http://localhost:5173/api/groups/4/terms/5/attendees:0
[   52403ms] [ERROR] Failed to load resource: the server responded with a status of 404 (Not Found) @ http://localhost:5173/api/organizations/mine:0
[   52428ms] [ERROR] Failed to load resource: the server responded with a status of 404 (Not Found) @ http://localhost:5173/api/organizations/mine:0
[   94199ms] [ERROR] Failed to load resource: the server responded with a status of 403 (Forbidden) @ http://localhost:5173/api/groups/4/exchange-summary:0
[   94245ms] [ERROR] Failed to load resource: the server responded with a status of 403 (Forbidden) @ http://localhost:5173/api/groups/4/exchange-summary:0
[   94324ms] [ERROR] Failed to load resource: the server responded with a status of 403 (Forbidden) @ http://localhost:5173/api/groups/4/terms/5/attendees:0
[   94360ms] [ERROR] Failed to load resource: the server responded with a status of 403 (Forbidden) @ http://localhost:5173/api/groups/4/terms/5/attendees:0
[  161219ms] [INFO] %cDownload the React DevTools for a better development experience: https://react.dev/link/react-devtools font-weight:bold @ http://localhost:5173/node_modules/.vite/deps/react-dom_client.js?v=4ba0ec84:14336
[  161374ms] [ERROR] Failed to load resource: the server responded with a status of 403 (Forbidden) @ http://localhost:5173/api/groups/4/exchange-summary:0
[  161411ms] [ERROR] Failed to load resource: the server responded with a status of 403 (Forbidden) @ http://localhost:5173/api/groups/4/exchange-summary:0
[  161480ms] [ERROR] Failed to load resource: the server responded with a status of 403 (Forbidden) @ http://localhost:5173/api/groups/4/terms/5/attendees:0
[  161507ms] [ERROR] Failed to load resource: the server responded with a status of 403 (Forbidden) @ http://localhost:5173/api/groups/4/terms/5/attendees:0
[  165308ms] [ERROR] Failed to load resource: the server responded with a status of 403 (Forbidden) @ http://localhost:5173/api/groups/4/exchange-summary:0
[  165340ms] [ERROR] Failed to load resource: the server responded with a status of 403 (Forbidden) @ http://localhost:5173/api/groups/4/terms/5/attendees:0
[  165394ms] [ERROR] Failed to load resource: the server responded with a status of 403 (Forbidden) @ http://localhost:5173/api/groups/4/terms/5/attendees:0
[  165400ms] [ERROR] Failed to load resource: the server responded with a status of 403 (Forbidden) @ http://localhost:5173/api/term-item-listings/mine-as-taker?term_id=5:0
[  165401ms] ApiError: 403 Forbidden
    at request (http://localhost:5173/src/api/client.ts:40:9)
[  168395ms] [ERROR] Failed to load resource: the server responded with a status of 404 (Not Found) @ http://localhost:5173/api/organizations/mine:0
[  168413ms] [ERROR] Failed to load resource: the server responded with a status of 404 (Not Found) @ http://localhost:5173/api/organizations/mine:0
[  171269ms] [ERROR] Failed to load resource: the server responded with a status of 403 (Forbidden) @ http://localhost:5173/api/groups/4/exchange-summary:0
[  171310ms] [ERROR] Failed to load resource: the server responded with a status of 403 (Forbidden) @ http://localhost:5173/api/groups/4/exchange-summary:0
[  171359ms] [ERROR] Failed to load resource: the server responded with a status of 403 (Forbidden) @ http://localhost:5173/api/groups/4/terms/5/attendees:0
[  171360ms] [ERROR] Failed to load resource: the server responded with a status of 403 (Forbidden) @ http://localhost:5173/api/term-item-listings/mine-as-taker?term_id=5:0
[  171368ms] ApiError: 403 Forbidden
    at request (http://localhost:5173/src/api/client.ts:40:9)
[  171401ms] [ERROR] Failed to load resource: the server responded with a status of 403 (Forbidden) @ http://localhost:5173/api/groups/4/terms/5/attendees:0
[  171404ms] [ERROR] Failed to load resource: the server responded with a status of 403 (Forbidden) @ http://localhost:5173/api/term-item-listings/mine-as-taker?term_id=5:0
[  171406ms] ApiError: 403 Forbidden
    at request (http://localhost:5173/src/api/client.ts:40:9)
[  174038ms] [ERROR] Failed to load resource: the server responded with a status of 403 (Forbidden) @ http://localhost:5173/api/groups/4/exchange-summary:0
[  174082ms] [ERROR] Failed to load resource: the server responded with a status of 403 (Forbidden) @ http://localhost:5173/api/groups/4/terms/5/attendees:0
[  174185ms] [ERROR] Failed to load resource: the server responded with a status of 403 (Forbidden) @ http://localhost:5173/api/groups/4/terms/5/attendees:0
[  174191ms] [ERROR] Failed to load resource: the server responded with a status of 403 (Forbidden) @ http://localhost:5173/api/term-item-listings/mine-as-taker?term_id=5:0
[  174201ms] ApiError: 403 Forbidden
    at request (http://localhost:5173/src/api/client.ts:40:9)
[  663826ms] [ERROR] Failed to load resource: the server responded with a status of 403 (Forbidden) @ http://localhost:5173/api/groups/4/exchange-summary:0
[  663856ms] [ERROR] Failed to load resource: the server responded with a status of 403 (Forbidden) @ http://localhost:5173/api/groups/4/terms/5/attendees:0
[  663970ms] [ERROR] Failed to load resource: the server responded with a status of 403 (Forbidden) @ http://localhost:5173/api/groups/4/terms/5/attendees:0
[  663978ms] [ERROR] Failed to load resource: the server responded with a status of 403 (Forbidden) @ http://localhost:5173/api/term-item-listings/mine-as-taker?term_id=5:0
[  663981ms] ApiError: 403 Forbidden
    at request (http://localhost:5173/src/api/client.ts:40:9)
[  716336ms] [ERROR] Failed to load resource: the server responded with a status of 500 (Internal Server Error) @ http://localhost:5173/src/router.tsx?t=1790095544613:0
[  716336ms] [ERROR] [vite] Failed to reload /src/router.tsx. This could be due to syntax errors or importing non-existent modules. (see errors above) @ http://localhost:5173/@vite/client:904
[  716713ms] [ERROR] Failed to load resource: the server responded with a status of 500 (Internal Server Error) @ http://localhost:5173/src/router.tsx?t=1790095544916:0
[  716714ms] [ERROR] [vite] Failed to reload /src/router.tsx. This could be due to syntax errors or importing non-existent modules. (see errors above) @ http://localhost:5173/@vite/client:904
[  723120ms] [INFO] %cDownload the React DevTools for a better development experience: https://react.dev/link/react-devtools font-weight:bold @ http://localhost:5173/node_modules/.vite/deps/react-dom_client.js?v=4ba0ec84:14336
[  723389ms] [ERROR] Failed to load resource: the server responded with a status of 403 (Forbidden) @ http://localhost:5173/api/groups/4/exchange-summary:0
[  723454ms] [ERROR] Failed to load resource: the server responded with a status of 403 (Forbidden) @ http://localhost:5173/api/groups/4/exchange-summary:0
[  723565ms] [ERROR] Failed to load resource: the server responded with a status of 403 (Forbidden) @ http://localhost:5173/api/groups/4/terms/5/attendees:0
[  723585ms] [ERROR] Failed to load resource: the server responded with a status of 403 (Forbidden) @ http://localhost:5173/api/term-item-listings/mine-as-taker?term_id=5:0
[  723597ms] ApiError: 403 Forbidden
    at request (http://localhost:5173/src/api/client.ts:40:9)
[  723621ms] [ERROR] Failed to load resource: the server responded with a status of 403 (Forbidden) @ http://localhost:5173/api/groups/4/terms/5/attendees:0
[  723634ms] [ERROR] Failed to load resource: the server responded with a status of 403 (Forbidden) @ http://localhost:5173/api/term-item-listings/mine-as-taker?term_id=5:0
[  723635ms] ApiError: 403 Forbidden
    at request (http://localhost:5173/src/api/client.ts:40:9)
[  831969ms] [ERROR] Error handled by React Router default ErrorBoundary: ReferenceError: useCallback is not defined
    at TermAccessBoundary (http://localhost:5173/src/pages/krag/TermPage.tsx?t=1790095660495:584:22)
    at Object.react_stack_bottom_frame (http://localhost:5173/node_modules/.vite/deps/react-dom_client.js?v=4ba0ec84:12867:12)
    at renderWithHooks (http://localhost:5173/node_modules/.vite/deps/react-dom_client.js?v=4ba0ec84:4212:19)
    at updateFunctionComponent (http://localhost:5173/node_modules/.vite/deps/react-dom_client.js?v=4ba0ec84:5568:16)
    at beginWork (http://localhost:5173/node_modules/.vite/deps/react-dom_client.js?v=4ba0ec84:6139:20)
    at runWithFiberInDEV (http://localhost:5173/node_modules/.vite/deps/react-dom_client.js?v=4ba0ec84:850:66)
    at performUnitOfWork (http://localhost:5173/node_modules/.vite/deps/react-dom_client.js?v=4ba0ec84:8428:92)
    at workLoopSync (http://localhost:5173/node_modules/.vite/deps/react-dom_client.js?v=4ba0ec84:8324:37)
    at renderRootSync (http://localhost:5173/node_modules/.vite/deps/react-dom_client.js?v=4ba0ec84:8308:6)
    at performWorkOnRoot (http://localhost:5173/node_modules/.vite/deps/react-dom_client.js?v=4ba0ec84:7956:181) @ http://localhost:5173/node_modules/.vite/deps/react-router-dom.js?v=4ba0ec84:3931
[  831969ms] [ERROR] Error handled by React Router default ErrorBoundary: ReferenceError: useCallback is not defined
    at TermAccessBoundary (http://localhost:5173/src/pages/krag/TermPage.tsx?t=1790095660495:584:22)
    at Object.react_stack_bottom_frame (http://localhost:5173/node_modules/.vite/deps/react-dom_client.js?v=4ba0ec84:12867:12)
    at renderWithHooks (http://localhost:5173/node_modules/.vite/deps/react-dom_client.js?v=4ba0ec84:4212:19)
    at updateFunctionComponent (http://localhost:5173/node_modules/.vite/deps/react-dom_client.js?v=4ba0ec84:5568:16)
    at beginWork (http://localhost:5173/node_modules/.vite/deps/react-dom_client.js?v=4ba0ec84:6139:20)
    at runWithFiberInDEV (http://localhost:5173/node_modules/.vite/deps/react-dom_client.js?v=4ba0ec84:850:66)
    at performUnitOfWork (http://localhost:5173/node_modules/.vite/deps/react-dom_client.js?v=4ba0ec84:8428:92)
    at workLoopSync (http://localhost:5173/node_modules/.vite/deps/react-dom_client.js?v=4ba0ec84:8324:37)
    at renderRootSync (http://localhost:5173/node_modules/.vite/deps/react-dom_client.js?v=4ba0ec84:8308:6)
    at performWorkOnRoot (http://localhost:5173/node_modules/.vite/deps/react-dom_client.js?v=4ba0ec84:7956:181) @ http://localhost:5173/node_modules/.vite/deps/react-router-dom.js?v=4ba0ec84:3931
[  831970ms] [ERROR] Error handled by React Router default ErrorBoundary: ReferenceError: useCallback is not defined
    at TermAccessBoundary (http://localhost:5173/src/pages/krag/TermPage.tsx?t=1790095660495:584:22)
    at Object.react_stack_bottom_frame (http://localhost:5173/node_modules/.vite/deps/react-dom_client.js?v=4ba0ec84:12867:12)
    at renderWithHooks (http://localhost:5173/node_modules/.vite/deps/react-dom_client.js?v=4ba0ec84:4212:19)
    at updateFunctionComponent (http://localhost:5173/node_modules/.vite/deps/react-dom_client.js?v=4ba0ec84:5568:16)
    at beginWork (http://localhost:5173/node_modules/.vite/deps/react-dom_client.js?v=4ba0ec84:6139:20)
    at runWithFiberInDEV (http://localhost:5173/node_modules/.vite/deps/react-dom_client.js?v=4ba0ec84:850:66)
    at performUnitOfWork (http://localhost:5173/node_modules/.vite/deps/react-dom_client.js?v=4ba0ec84:8428:92)
    at workLoopSync (http://localhost:5173/node_modules/.vite/deps/react-dom_client.js?v=4ba0ec84:8324:37)
    at renderRootSync (http://localhost:5173/node_modules/.vite/deps/react-dom_client.js?v=4ba0ec84:8308:6)
    at performWorkOnRoot (http://localhost:5173/node_modules/.vite/deps/react-dom_client.js?v=4ba0ec84:7993:27) @ http://localhost:5173/node_modules/.vite/deps/react-router-dom.js?v=4ba0ec84:3931
[  831971ms] [ERROR] Error handled by React Router default ErrorBoundary: ReferenceError: useCallback is not defined
    at TermAccessBoundary (http://localhost:5173/src/pages/krag/TermPage.tsx?t=1790095660495:584:22)
    at Object.react_stack_bottom_frame (http://localhost:5173/node_modules/.vite/deps/react-dom_client.js?v=4ba0ec84:12867:12)
    at renderWithHooks (http://localhost:5173/node_modules/.vite/deps/react-dom_client.js?v=4ba0ec84:4212:19)
    at updateFunctionComponent (http://localhost:5173/node_modules/.vite/deps/react-dom_client.js?v=4ba0ec84:5568:16)
    at beginWork (http://localhost:5173/node_modules/.vite/deps/react-dom_client.js?v=4ba0ec84:6139:20)
    at runWithFiberInDEV (http://localhost:5173/node_modules/.vite/deps/react-dom_client.js?v=4ba0ec84:850:66)
    at performUnitOfWork (http://localhost:5173/node_modules/.vite/deps/react-dom_client.js?v=4ba0ec84:8428:92)
    at workLoopSync (http://localhost:5173/node_modules/.vite/deps/react-dom_client.js?v=4ba0ec84:8324:37)
    at renderRootSync (http://localhost:5173/node_modules/.vite/deps/react-dom_client.js?v=4ba0ec84:8308:6)
    at performWorkOnRoot (http://localhost:5173/node_modules/.vite/deps/react-dom_client.js?v=4ba0ec84:7993:27) @ http://localhost:5173/node_modules/.vite/deps/react-router-dom.js?v=4ba0ec84:3931
[  831973ms] [ERROR] %o

%s

%s
 ReferenceError: useCallback is not defined
    at TermAccessBoundary (http://localhost:5173/src/pages/krag/TermPage.tsx?t=1790095660495:584:22)
    at Object.react_stack_bottom_frame (http://localhost:5173/node_modules/.vite/deps/react-dom_client.js?v=4ba0ec84:12867:12)
    at renderWithHooks (http://localhost:5173/node_modules/.vite/deps/react-dom_client.js?v=4ba0ec84:4212:19)
    at updateFunctionComponent (http://localhost:5173/node_modules/.vite/deps/react-dom_client.js?v=4ba0ec84:5568:16)
    at beginWork (http://localhost:5173/node_modules/.vite/deps/react-dom_client.js?v=4ba0ec84:6139:20)
    at runWithFiberInDEV (http://localhost:5173/node_modules/.vite/deps/react-dom_client.js?v=4ba0ec84:850:66)
    at performUnitOfWork (http://localhost:5173/node_modules/.vite/deps/react-dom_client.js?v=4ba0ec84:8428:92)
    at workLoopSync (http://localhost:5173/node_modules/.vite/deps/react-dom_client.js?v=4ba0ec84:8324:37)
    at renderRootSync (http://localhost:5173/node_modules/.vite/deps/react-dom_client.js?v=4ba0ec84:8308:6)
    at performWorkOnRoot (http://localhost:5173/node_modules/.vite/deps/react-dom_client.js?v=4ba0ec84:7993:27) The above error occurred in the <TermAccessBoundary> component. React will try to recreate this component tree from scratch using the error boundary you provided, RenderErrorBoundary. @ http://localhost:5173/node_modules/.vite/deps/react-dom_client.js?v=4ba0ec84:5272
[  831973ms] [ERROR] React Router caught the following error during render ReferenceError: useCallback is not defined
    at TermAccessBoundary (http://localhost:5173/src/pages/krag/TermPage.tsx?t=1790095660495:584:22)
    at Object.react_stack_bottom_frame (http://localhost:5173/node_modules/.vite/deps/react-dom_client.js?v=4ba0ec84:12867:12)
    at renderWithHooks (http://localhost:5173/node_modules/.vite/deps/react-dom_client.js?v=4ba0ec84:4212:19)
    at updateFunctionComponent (http://localhost:5173/node_modules/.vite/deps/react-dom_client.js?v=4ba0ec84:5568:16)
    at beginWork (http://localhost:5173/node_modules/.vite/deps/react-dom_client.js?v=4ba0ec84:6139:20)
    at runWithFiberInDEV (http://localhost:5173/node_modules/.vite/deps/react-dom_client.js?v=4ba0ec84:850:66)
    at performUnitOfWork (http://localhost:5173/node_modules/.vite/deps/react-dom_client.js?v=4ba0ec84:8428:92)
    at workLoopSync (http://localhost:5173/node_modules/.vite/deps/react-dom_client.js?v=4ba0ec84:8324:37)
    at renderRootSync (http://localhost:5173/node_modules/.vite/deps/react-dom_client.js?v=4ba0ec84:8308:6)
    at performWorkOnRoot (http://localhost:5173/node_modules/.vite/deps/react-dom_client.js?v=4ba0ec84:7993:27) @ http://localhost:5173/node_modules/.vite/deps/react-router-dom.js?v=4ba0ec84:3962
[  837504ms] [ERROR] Error handled by React Router default ErrorBoundary: ReferenceError: getGroupAccess is not defined
    at http://localhost:5173/src/pages/krag/TermPage.tsx?t=1790095666055:587:3
    at http://localhost:5173/src/pages/krag/TermPage.tsx?t=1790095666055:593:3
    at Object.react_stack_bottom_frame (http://localhost:5173/node_modules/.vite/deps/react-dom_client.js?v=4ba0ec84:12903:13)
    at runWithFiberInDEV (http://localhost:5173/node_modules/.vite/deps/react-dom_client.js?v=4ba0ec84:850:66)
    at commitHookEffectListMount (http://localhost:5173/node_modules/.vite/deps/react-dom_client.js?v=4ba0ec84:6616:153)
    at commitHookPassiveMountEffects (http://localhost:5173/node_modules/.vite/deps/react-dom_client.js?v=4ba0ec84:6651:55)
    at commitPassiveMountOnFiber (http://localhost:5173/node_modules/.vite/deps/react-dom_client.js?v=4ba0ec84:7617:22)
    at recursivelyTraversePassiveMountEffects (http://localhost:5173/node_modules/.vite/deps/react-dom_client.js?v=4ba0ec84:7605:5)
    at commitPassiveMountOnFiber (http://localhost:5173/node_modules/.vite/deps/react-dom_client.js?v=4ba0ec84:7616:6)
    at recursivelyTraversePassiveMountEffects (http://localhost:5173/node_modules/.vite/deps/react-dom_client.js?v=4ba0ec84:7605:5) @ http://localhost:5173/node_modules/.vite/deps/react-router-dom.js?v=4ba0ec84:3931
[  837504ms] [ERROR] Error handled by React Router default ErrorBoundary: ReferenceError: getGroupAccess is not defined
    at http://localhost:5173/src/pages/krag/TermPage.tsx?t=1790095666055:587:3
    at http://localhost:5173/src/pages/krag/TermPage.tsx?t=1790095666055:593:3
    at Object.react_stack_bottom_frame (http://localhost:5173/node_modules/.vite/deps/react-dom_client.js?v=4ba0ec84:12903:13)
    at runWithFiberInDEV (http://localhost:5173/node_modules/.vite/deps/react-dom_client.js?v=4ba0ec84:850:66)
    at commitHookEffectListMount (http://localhost:5173/node_modules/.vite/deps/react-dom_client.js?v=4ba0ec84:6616:153)
    at commitHookPassiveMountEffects (http://localhost:5173/node_modules/.vite/deps/react-dom_client.js?v=4ba0ec84:6651:55)
    at commitPassiveMountOnFiber (http://localhost:5173/node_modules/.vite/deps/react-dom_client.js?v=4ba0ec84:7617:22)
    at recursivelyTraversePassiveMountEffects (http://localhost:5173/node_modules/.vite/deps/react-dom_client.js?v=4ba0ec84:7605:5)
    at commitPassiveMountOnFiber (http://localhost:5173/node_modules/.vite/deps/react-dom_client.js?v=4ba0ec84:7616:6)
    at recursivelyTraversePassiveMountEffects (http://localhost:5173/node_modules/.vite/deps/react-dom_client.js?v=4ba0ec84:7605:5) @ http://localhost:5173/node_modules/.vite/deps/react-router-dom.js?v=4ba0ec84:3931
[  837505ms] [ERROR] %o

%s

%s
 ReferenceError: getGroupAccess is not defined
    at http://localhost:5173/src/pages/krag/TermPage.tsx?t=1790095666055:587:3
    at http://localhost:5173/src/pages/krag/TermPage.tsx?t=1790095666055:593:3
    at Object.react_stack_bottom_frame (http://localhost:5173/node_modules/.vite/deps/react-dom_client.js?v=4ba0ec84:12903:13)
    at runWithFiberInDEV (http://localhost:5173/node_modules/.vite/deps/react-dom_client.js?v=4ba0ec84:850:66)
    at commitHookEffectListMount (http://localhost:5173/node_modules/.vite/deps/react-dom_client.js?v=4ba0ec84:6616:153)
    at commitHookPassiveMountEffects (http://localhost:5173/node_modules/.vite/deps/react-dom_client.js?v=4ba0ec84:6651:55)
    at commitPassiveMountOnFiber (http://localhost:5173/node_modules/.vite/deps/react-dom_client.js?v=4ba0ec84:7617:22)
    at recursivelyTraversePassiveMountEffects (http://localhost:5173/node_modules/.vite/deps/react-dom_client.js?v=4ba0ec84:7605:5)
    at commitPassiveMountOnFiber (http://localhost:5173/node_modules/.vite/deps/react-dom_client.js?v=4ba0ec84:7616:6)
    at recursivelyTraversePassiveMountEffects (http://localhost:5173/node_modules/.vite/deps/react-dom_client.js?v=4ba0ec84:7605:5) The above error occurred in the <TermAccessBoundary> component. React will try to recreate this component tree from scratch using the error boundary you provided, RenderErrorBoundary. @ http://localhost:5173/node_modules/.vite/deps/react-dom_client.js?v=4ba0ec84:5272
[  837505ms] [ERROR] React Router caught the following error during render ReferenceError: getGroupAccess is not defined
    at http://localhost:5173/src/pages/krag/TermPage.tsx?t=1790095666055:587:3
    at http://localhost:5173/src/pages/krag/TermPage.tsx?t=1790095666055:593:3
    at Object.react_stack_bottom_frame (http://localhost:5173/node_modules/.vite/deps/react-dom_client.js?v=4ba0ec84:12903:13)
    at runWithFiberInDEV (http://localhost:5173/node_modules/.vite/deps/react-dom_client.js?v=4ba0ec84:850:66)
    at commitHookEffectListMount (http://localhost:5173/node_modules/.vite/deps/react-dom_client.js?v=4ba0ec84:6616:153)
    at commitHookPassiveMountEffects (http://localhost:5173/node_modules/.vite/deps/react-dom_client.js?v=4ba0ec84:6651:55)
    at commitPassiveMountOnFiber (http://localhost:5173/node_modules/.vite/deps/react-dom_client.js?v=4ba0ec84:7617:22)
    at recursivelyTraversePassiveMountEffects (http://localhost:5173/node_modules/.vite/deps/react-dom_client.js?v=4ba0ec84:7605:5)
    at commitPassiveMountOnFiber (http://localhost:5173/node_modules/.vite/deps/react-dom_client.js?v=4ba0ec84:7616:6)
    at recursivelyTraversePassiveMountEffects (http://localhost:5173/node_modules/.vite/deps/react-dom_client.js?v=4ba0ec84:7605:5) @ http://localhost:5173/node_modules/.vite/deps/react-router-dom.js?v=4ba0ec84:3962
[  984220ms] [LOG] [vite] server connection lost. Polling for restart... @ http://localhost:5173/@vite/client:968
[ 1132993ms] [INFO] %cDownload the React DevTools for a better development experience: https://react.dev/link/react-devtools font-weight:bold @ http://localhost:5173/node_modules/.vite/deps/react-dom_client.js?v=4ba0ec84:14336
[ 1148367ms] [INFO] %cDownload the React DevTools for a better development experience: https://react.dev/link/react-devtools font-weight:bold @ http://localhost:5173/node_modules/.vite/deps/react-dom_client.js?v=4ba0ec84:14336
